// Jest Snapshot v1, https://goo.gl/fbAQLP

exports[`renders correctly 1`] = `
<View
  accessibilityComponentType={undefined}
  accessibilityLabel={undefined}
  accessibilityTraits={undefined}
  accessible={true}
  collapsable={undefined}
  hasTVPreferredFocus={undefined}
  hitSlop={undefined}
  isTVSelectable={true}
  nativeID={undefined}
  onLayout={undefined}
  onResponderGrant={[Function]}
  onResponderMove={[Function]}
  onResponderRelease={[Function]}
  onResponderTerminate={[Function]}
  onResponderTerminationRequest={[Function]}
  onStartShouldSetResponder={[Function]}
  style={
    Object {
      "alignItems": "center",
      "borderRadius": 4,
      "opacity": 0.8,
      "padding": 6,
    }
  }
  testID={undefined}
  tvParallaxProperties={undefined}
>
  <View />
</View>
`;
